// Jest Snapshot v1, https://goo.gl/fbAQLP

exports[`component should render with all basic sections should save snapshot of the page 1`] = `
<DocumentFragment>
  <div
    class="mt-4"
  >
    <h1
      class="mb-5"
    >
      Title of Video
    </h1>
    <div
      class="row"
    >
      <div
        class="col-md-6"
      >
        <form
          class=""
        >
          <div
            class="form-row"
          >
            <div
              class="col-md-6"
            >
              <div
                class="form-group"
              >
                <label
                  class=""
                  for="videoTitle"
                >
                  Title
                </label>
                <input
                  class="form-control"
                  disabled=""
                  id="videoTitle"
                  name="title"
                  placeholder="Enter Video Title"
                  type="text"
                  value="Title of Video"
                />
              </div>
            </div>
            <div
              class="col-md-6"
            >
              <div
                class="form-group"
              >
                <label
                  class=""
                  for="videoShortDescription"
                >
                  Short Description
                </label>
                <input
                  class="form-control"
                  disabled=""
                  id="videoShortDescription"
                  name="shortDescription"
                  placeholder="Enter Short Description"
                  type="text"
                  value="Short description of video"
                />
              </div>
            </div>
          </div>
          <div
            class="form-group"
          >
            <label
              class=""
              for="videoShareUrl"
            >
              Share URL
            </label>
            <input
              class="form-control"
              id="videoShareUrl"
              name="shareUrl"
              readonly=""
              type="text"
              value="http://localhost/video/youtubeId/share"
            />
          </div>
          <div
            class="form-group"
          >
            <label
              class=""
              for="videoEmbed"
            >
              Embed
            </label>
            <textarea
              class="form-control"
              id="videoEmbed"
              name="embed"
            >
              &lt;iframe src="http://localhost/video/youtubeId/embed" allowtransparency="true" frameborder="0" scrolling="no" width="640" height="390"&gt;&lt;/iframe&gt;
            </textarea>
          </div>
          <button
            class="mt-4 mr-2 btn btn-primary"
            type="submit"
          >
            Save Video
          </button>
          <button
            class="mt-4 btn btn-primary"
            type="button"
          >
            Add Interaction
          </button>
        </form>
      </div>
      <div
        class="col-md-6"
      >
        <div
          class="modal-inline--container text-left clearfix modal-inline__not-standalone"
        >
          <div
            id="youtube-player-youtubeId"
          >
             
          </div>
        </div>
      </div>
    </div>
    <div
      class="row"
    >
      <div
        class="col"
      >
        <h3
          class="mt-5"
        >
          Interactions
        </h3>
        <ul
          class="mb-4 list-group"
        >
          <li
            class="list-group-item"
          >
            1. Who is fastest man on eath? - 
            <span
              class="text-primary"
            >
              00:04
            </span>
            <span
              class="float-right"
            >
              <button
                aria-label="Close"
                class="close text-danger"
                data-testid="deleteInteraction"
                type="button"
              >
                <span
                  aria-hidden="true"
                >
                  Ã—
                </span>
              </button>
            </span>
          </li>
        </ul>
      </div>
    </div>
  </div>
</DocumentFragment>
`;
